// Jest Snapshot v1, https://goo.gl/fbAQLP

exports[`List component renders the UI as expected 1`] = `
<section
  className="List"
>
  <div
    className="List-users"
  />
</section>
`;
